2025-04-11T23:02:29.872Z [[32minfo[39m]: Connected to MongoDB... 🎉: ac-kklsusm-shard-00-00.skdq6hz.mongodb.net
2025-04-11T23:05:49.840Z [[31merror[39m]: Error in checkFact: FactCheck is not a constructor
2025-04-11T23:05:49.841Z [[31merror[39m]: undefined FactCheck is not a constructor
2025-04-11T23:05:49.845Z [[32minfo[39m]: ::1 - - [11/Apr/2025:23:05:49 +0000] "POST /api/check HTTP/1.1" 500 56 "-" "PostmanRuntime/7.43.3"
2025-04-11T23:18:19.325Z [[32minfo[39m]: Connected to MongoDB... 🎉: ac-kklsusm-shard-00-00.skdq6hz.mongodb.net
2025-04-11T23:18:29.327Z [[31merror[39m]: Google Fact Check API error: Request failed with status code 403
2025-04-11T23:18:29.336Z [[31merror[39m]: Error in checkFact: FactCheck validation failed: results: Cast to string failed for value "[]" (type Array) at path "results"
2025-04-11T23:18:29.336Z [[31merror[39m]: undefined FactCheck validation failed: results: Cast to string failed for value "[]" (type Array) at path "results"
2025-04-11T23:18:29.342Z [[32minfo[39m]: ::1 - - [11/Apr/2025:23:18:29 +0000] "POST /api/check HTTP/1.1" 500 56 "-" "PostmanRuntime/7.43.3"
2025-04-11T23:24:16.826Z [[32minfo[39m]: Connected to MongoDB... 🎉: ac-kklsusm-shard-00-00.skdq6hz.mongodb.net
2025-04-11T23:24:23.073Z [[32minfo[39m]: ::1 - - [11/Apr/2025:23:24:23 +0000] "POST /api/check HTTP/1.1" 200 5402 "-" "PostmanRuntime/7.43.3"
2025-04-12T05:23:06.938Z [[31merror[39m]: Could not connect to MongoDB... ⛔ Server selection timed out after 5000 ms
2025-04-12T05:28:44.128Z [[32minfo[39m]: Connected to MongoDB... 🎉: ac-kklsusm-shard-00-00.skdq6hz.mongodb.net
2025-04-12T05:43:15.320Z [[31merror[39m]: Could not connect to MongoDB... Cannot read properties of undefined (reading 'connection')
2025-04-12T05:47:01.559Z [[32minfo[39m]: Connected to MongoDB...: ac-kklsusm-shard-00-00.skdq6hz.mongodb.net
2025-04-12T05:47:30.500Z [[32minfo[39m]: ::1 - - [12/Apr/2025:05:47:30 +0000] "POST /api/check HTTP/1.1" 200 5114 "-" "PostmanRuntime/7.43.3"
2025-04-12T10:32:34.955Z [[32minfo[39m]: Connected to MongoDB...: ac-wvg4zyf-shard-00-00.tbt3bsb.mongodb.net
2025-04-12T10:33:54.139Z [[32minfo[39m]: Translation server running on port 3001
2025-04-12T10:42:49.599Z [[32minfo[39m]: ::1 - - [12/Apr/2025:10:42:49 +0000] "GET /api/languages HTTP/1.1" 200 133 "-" "curl/8.11.1"
2025-04-12T10:50:10.060Z [[32minfo[39m]: ::1 - - [12/Apr/2025:10:50:10 +0000] "POST /api/translate/text\ HTTP/1.1" 404 159 "-" "curl/8.11.1"
2025-04-12T10:52:47.962Z [[31merror[39m]: undefined Expected property name or '}' in JSON at position 1
2025-04-12T10:52:47.983Z [[32minfo[39m]: ::1 - - [12/Apr/2025:10:52:47 +0000] "POST /api/translate/text HTTP/1.1" 500 56 "-" "curl/8.11.1"
2025-04-12T10:55:04.783Z [[31merror[39m]: undefined Expected property name or '}' in JSON at position 2
2025-04-12T10:55:04.805Z [[32minfo[39m]: ::1 - - [12/Apr/2025:10:55:04 +0000] "POST /api/translate/text HTTP/1.1" 500 56 "-" "curl/8.11.1"
2025-04-12T11:04:40.173Z [[32minfo[39m]: ::1 - - [12/Apr/2025:11:04:40 +0000] "POST /api/translate/text%0D%0A HTTP/1.1" 404 164 "-" "PostmanRuntime/7.43.3"
2025-04-12T11:07:29.564Z [[32minfo[39m]: ::1 - - [12/Apr/2025:11:07:29 +0000] "POST /api/translate/text%0D%0A HTTP/1.1" 404 164 "-" "PostmanRuntime/7.43.3"
2025-04-12T11:15:01.213Z [[32minfo[39m]: Connected to MongoDB...: ac-wvg4zyf-shard-00-02.tbt3bsb.mongodb.net
2025-04-12T11:15:18.132Z [[32minfo[39m]: Translation server running on port 3001
2025-04-12T11:42:13.563Z [[32minfo[39m]: ::1 - - [12/Apr/2025:11:42:13 +0000] "POST /api/translate/text%0D%0A HTTP/1.1" 404 164 "-" "PostmanRuntime/7.43.3"
